0.000205 0.000235 0.00011 8.4e-05 0.0001 8.5e-05 7.3e-05 7.2e-05 7.2e-05 6.8e-05 7.8e-05 7.1e-05 7.3e-05 7e-05 7.1e-05 5.7e-05 5.4e-05 5.4e-05 8.1e-05 4.9e-05 5e-05 4.9e-05 5e-05 5.2e-05 4.4e-05 4.2e-05 4.4e-05 4.1e-05 5.3e-05 5.2e-05 4.1e-05 
0.00228