0.000432 0.000237 0.000233 0.000457 0.000495 0.000314 0.00026 0.000401 0.000178 0.000166 0.000179 0.000246 0.000198 0.000195 0.000168 0.000164 0.000165 0.000167 0.000156 0.000155 8.3e-05 8e-05 8.3e-05 7.7e-05 7.7e-05 7.3e-05 7.2e-05 6.9e-05 7.3e-05 7.2e-05 0.0001 7.7e-05 6.2e-05 6.7e-05 6.5e-05 9.2e-05 0.000145 0.000129 0.000186 6.9e-05 0.000121 0.000111 0.000105 0.000244 0.000193 7.9e-05 9.9e-05 6.1e-05 0.000127 0.000119 5.9e-05 5.7e-05 5.3e-05 5.7e-05 0.000144 0.000124 9.4e-05 7.1e-05 7.9e-05 8.7e-05 0.00011 6.8e-05 4.9e-05 4.1e-05 4.8e-05 3.3e-05 3.6e-05 2.6e-05 2.7e-05 2.5e-05 2.6e-05 2.4e-05 
0.009314