0.003776 0.001136 0.000988 0.000547 0.000501 0.000347 0.000298 0.000339 0.000304 0.000444 0.000339 0.000422 0.000976 0.001734 0.001375 0.001035 0.000719 0.000325 0.000402 0.000388 0.000646 0.000767 0.000408 0.000322 0.000331 0.000298 0.000304 0.000299 0.000348 0.000306 0.000288 0.000315 0.000613 0.00103 0.000543 0.000275 0.000524 0.000827 0.000857 0.000569 0.000393 0.000377 0.000395 0.000387 0.000341 0.000348 0.000693 0.000998 0.000759 0.000717 0.000764 0.000585 0.00045 0.000427 0.000374 0.000355 0.000475 0.000461 0.000357 0.000315 0.000266 0.000423 0.000485 0.000502 0.000402 0.000339 0.000263 0.000397 0.000351 0.000182 0.000219 0.000242 0.000251 0.000286 0.000335 0.000333 0.000321 0.000248 0.000206 0.00021 0.000222 0.000213 0.000179 0.000161 0.000189 0.000194 0.000153 0.000134 0.000152 0.000161 0.000157 0.000223 0.00014 0.0001 0.000104 7.7e-05 6.6e-05 6.6e-05 6.4e-05 6.1e-05 6.2e-05 5.6e-05 5.4e-05 5.7e-05 6.3e-05 2.8e-05 
0.045633