0.000126 4e-05 3.7e-05 3.9e-05 3.6e-05 3.7e-05 3.2e-05 3.4e-05 4.8e-05 3.1e-05 2.9e-05 2.8e-05 4.4e-05 3.1e-05 3.1e-05 2.9e-05 
0.000652