0.000142 5.2e-05 5.1e-05 4.9e-05 8.3e-05 4.7e-05 4e-05 4.2e-05 3.8e-05 3.7e-05 3.6e-05 3.6e-05 3.2e-05 4.3e-05 4.3e-05 2.7e-05 2.3e-05 3.3e-05 3.3e-05 
0.000887