0.001729 0.000147 0.000272 0.000487 0.000198 0.000218 0.000169 0.000166 0.000263 0.000361 0.000236 0.00024 0.000202 0.000452 0.000531 0.00044 0.000264 0.000165 0.000168 0.000174 0.000195 0.000236 0.000243 0.00022 0.00019 0.000179 0.000202 0.000234 0.000215 0.000225 0.000171 0.000174 0.000156 0.000215 0.000187 0.000176 0.000323 0.00027 0.000214 0.000184 0.000158 0.000146 0.000153 0.000236 0.000225 0.000157 0.000164 8.3e-05 0.000113 8e-05 8e-05 0.000109 8.1e-05 8.2e-05 8.3e-05 6.9e-05 0.0001 0.000101 9.5e-05 7.2e-05 6.4e-05 7.3e-05 6.7e-05 4.6e-05 7.2e-05 5.8e-05 3.6e-05 3.6e-05 5.2e-05 6.2e-05 3.1e-05 
0.014075