0.002054 0.000275 0.000139 0.000171 0.000134 0.000133 0.000135 0.000145 0.000176 0.000654 0.000419 0.000299 0.000449 0.000487 0.000179 0.000271 0.000108 9.4e-05 0.000105 9.9e-05 0.00013 0.000111 0.000161 0.000113 9.5e-05 0.000111 0.000127 0.000147 9.7e-05 0.000127 9.7e-05 0.000104 0.0001 0.000154 0.000227 0.0001 0.000118 0.000178 8.4e-05 7.9e-05 8.2e-05 0.000239 0.000227 0.000306 0.000169 0.000116 0.000206 0.000183 0.000187 0.000208 0.000205 0.000163 9.2e-05 8.5e-05 8.3e-05 0.000153 0.00012 7.7e-05 7.6e-05 7.8e-05 6.9e-05 0.0001 9.5e-05 7e-05 5.2e-05 6.1e-05 0.000103 4.6e-05 
0.012637