0.002553 0.000315 0.000209 0.000279 0.000224 0.000224 0.000239 0.000186 0.00028 0.000541 0.000335 0.000158 0.00019 0.000225 0.000135 0.000216 0.000148 0.000357 0.000188 0.000309 0.000485 0.000418 0.000231 0.00016 0.000253 0.00041 0.000499 0.000171 0.000229 0.000261 0.000233 0.000373 0.000329 0.000386 0.000159 0.000213 0.000284 0.000155 0.000175 0.000307 0.000315 0.000122 0.000234 0.000116 0.000222 0.000104 9.8e-05 0.000103 9.7e-05 9.8e-05 9.2e-05 9.4e-05 8.1e-05 7.8e-05 7.4e-05 0.000115 6.6e-05 6.1e-05 5.8e-05 5.8e-05 6.1e-05 5.8e-05 9.8e-05 9.6e-05 0.000101 0.000144 0.000114 0.000122 6.3e-05 6e-05 3.2e-05 5.7e-05 4.6e-05 4.7e-05 2.8e-05 2.5e-05 
0.01648