0.000342 0.000554 0.000179 0.000227 0.000336 0.000161 0.00025 0.000117 0.0003 0.000322 0.000151 7.2e-05 7e-05 6.2e-05 6.1e-05 5.5e-05 5.5e-05 5.5e-05 5e-05 7.5e-05 8.3e-05 4.9e-05 4.8e-05 4.9e-05 4.3e-05 4.4e-05 4.2e-05 5.1e-05 8.5e-05 6.6e-05 7.9e-05 7.4e-05 5.9e-05 
0.004266