0.000145 0.000181 7e-05 6.7e-05 5.1e-05 5.9e-05 4.2e-05 5.3e-05 4.1e-05 3.6e-05 3.8e-05 3.7e-05 5.8e-05 6.4e-05 3.7e-05 
0.000979