0.00306 0.000189 0.000231 0.000212 0.000493 0.000657 0.000162 0.000404 0.000151 0.000274 0.000268 0.000282 0.00033 0.000154 0.000284 0.000583 0.000456 0.000267 0.000331 0.000368 0.00031 0.000163 0.000143 0.000147 0.000181 0.000254 0.000151 0.000152 0.000187 0.000126 0.000117 0.000118 0.000268 0.000183 0.000349 0.000116 0.00011 0.000115 0.000118 0.000118 9.8e-05 0.00011 0.000263 0.000205 0.000203 0.000112 0.000203 0.000183 0.000252 0.000142 0.000273 0.000415 0.000167 9.7e-05 0.00019 0.00011 0.000373 8.6e-05 0.000145 0.000116 9.1e-05 8.7e-05 0.000137 0.0001 0.000238 0.000106 0.000197 0.0001 8.7e-05 9.5e-05 8.4e-05 8.7e-05 7.7e-05 8.1e-05 7.5e-05 7.8e-05 6.8e-05 7.1e-05 7.1e-05 6.6e-05 6e-05 6.3e-05 5.3e-05 6e-05 5.8e-05 0.000107 5.7e-05 4.5e-05 7e-05 4e-05 4.5e-05 3.5e-05 2.9e-05 3.5e-05 
0.019078