0.000492 0.000206 0.00021 0.000206 0.000219 0.00022 0.000217 0.000343 0.000288 0.00019 0.000198 0.000215 0.000206 0.00021 0.000177 0.000107 9.6e-05 9.7e-05 0.000105 9.5e-05 9.2e-05 0.0001 9.9e-05 9.3e-05 7.8e-05 8e-05 0.0001 6.2e-05 5.9e-05 5.8e-05 5.5e-05 5.8e-05 0.000132 5.6e-05 5.7e-05 5.3e-05 5.3e-05 5.1e-05 5.8e-05 0.000112 9.2e-05 8.8e-05 5.9e-05 9.1e-05 0.000101 8.4e-05 4.8e-05 7.6e-05 4e-05 4e-05 6.1e-05 5.2e-05 3.3e-05 3.4e-05 2.6e-05 
0.006528