0.000698 0.000178 0.000519 0.000187 0.000167 0.000166 0.000168 0.000385 0.000447 0.000378 0.000394 0.000193 0.000329 0.000217 0.000418 0.000165 0.000332 0.00032 0.000365 0.000254 0.000251 0.000349 0.000409 0.000426 0.000371 0.000317 0.000336 0.000326 0.000331 0.000356 0.000267 0.000275 0.000283 0.0003 0.000293 0.000334 0.000356 0.000234 0.000203 0.000203 0.00021 0.00019 0.000177 0.000164 0.000149 0.000149 0.000144 0.000141 0.000143 0.000192 0.00019 0.000168 0.000159 0.00015 0.000212 0.000199 0.000171 0.000191 0.000155 0.000131 0.000149 0.000139 0.000136 0.000123 0.000125 0.000136 0.000117 0.00013 9.6e-05 0.0001 9.5e-05 8.7e-05 5e-05 4.8e-05 4.5e-05 4.2e-05 4.8e-05 5.7e-05 4e-05 3.9e-05 3.1e-05 2.6e-05 4.3e-05 3.6e-05 3.7e-05 3.3e-05 3.6e-05 3.3e-05 
0.017962