0.000199 0.000542 9.3e-05 0.000121 0.000125 0.000247 8.9e-05 0.000155 0.000104 0.000121 0.000178 0.000119 0.000109 9.2e-05 6.5e-05 6.4e-05 6.5e-05 0.000125 6.3e-05 6.6e-05 5.5e-05 6.7e-05 6.2e-05 5.9e-05 5.1e-05 5.2e-05 8.2e-05 7.5e-05 4.4e-05 3.8e-05 3.8e-05 6.1e-05 6.7e-05 
0.003493