0.004766 0.000251 0.000167 0.00015 0.000156 0.000731 0.001298 0.000395 0.000923 0.000342 0.000578 0.000303 0.00095 0.001297 0.000656 0.001392 0.001662 0.001016 0.001034 0.000533 0.000567 0.000639 0.0005 0.000743 0.00112 0.000465 0.000405 0.00041 0.00046 0.000388 0.000386 0.000241 0.000399 0.000843 0.000161 0.000897 0.000174 0.000667 0.000294 0.000141 0.000603 0.000352 0.000194 0.000324 0.000173 0.000162 0.000154 0.00015 0.00051 0.000305 0.000134 0.000134 0.000318 0.000675 0.000533 0.000413 0.000324 0.000296 0.000421 0.00042 0.000381 0.000568 0.000546 0.00048 0.000665 0.000557 0.000755 0.000625 0.001115 0.000151 0.000644 0.000499 0.000304 0.000112 0.000153 0.000193 0.00013 0.000122 0.000248 0.000271 0.000178 0.000223 0.00019 7.9e-05 7.5e-05 7e-05 9.3e-05 0.00017 7.9e-05 8.8e-05 0.000181 0.000228 0.000185 0.0002 0.000172 7.6e-05 0.000156 0.000142 0.00013 6.6e-05 7.1e-05 0.000113 3.8e-05 3.5e-05 
0.046652