0.001492 0.000148 0.000142 0.000184 0.000146 0.000186 0.00036 0.00022 0.000147 0.000172 0.000196 0.000133 0.000136 0.000206 0.000239 0.000445 0.00013 0.000241 0.000247 0.000161 0.000226 0.000137 0.000225 0.000241 0.000294 0.000262 0.000129 0.000233 0.000142 0.000221 0.000115 0.000205 0.000261 0.000229 0.000125 0.00014 0.000112 0.000122 0.000214 0.000237 0.000233 0.000228 0.000223 9.8e-05 6.8e-05 5.3e-05 5e-05 5e-05 7.8e-05 6.8e-05 7.9e-05 5.1e-05 5.8e-05 
0.010538