0.000501 0.000164 0.000229 0.000225 0.000205 0.000227 0.000165 0.000246 0.000201 0.000197 0.000109 6.2e-05 9e-05 9.1e-05 0.0001 8.6e-05 8.2e-05 0.0001 0.000132 0.000193 8.6e-05 9.6e-05 8.3e-05 7.8e-05 7.5e-05 8.9e-05 5.5e-05 6.8e-05 6.9e-05 5.9e-05 5.6e-05 5.5e-05 4.7e-05 5.7e-05 2.5e-05 4.5e-05 2.4e-05 3.1e-05 
0.004503