0.001277 0.000354 0.000605 0.000297 0.000295 0.000304 0.000313 0.000309 0.000323 0.000312 0.000305 0.000294 0.000332 0.000317 0.000416 0.000375 0.000403 0.000377 0.000438 0.000345 0.000545 0.00038 0.000366 0.000199 0.000181 0.000195 0.000181 0.00018 0.000176 0.000173 0.000177 0.00017 0.000171 0.000165 0.000193 0.000189 0.000272 0.000198 0.000199 0.000203 0.000307 0.000187 0.000173 0.000173 0.00016 0.000189 0.000172 0.000165 0.000163 0.000157 0.000163 0.000147 7.9e-05 0.000125 0.000145 7.3e-05 7.3e-05 7.7e-05 0.000134 6.9e-05 6.8e-05 6.4e-05 7e-05 7.5e-05 7.3e-05 0.000215 7.1e-05 7e-05 6.8e-05 0.0001 0.000146 0.00013 7.7e-05 7.6e-05 8.5e-05 0.000102 0.000133 6.5e-05 4.7e-05 4.7e-05 4.3e-05 4.1e-05 4.2e-05 4.2e-05 3.8e-05 3.9e-05 3.8e-05 3.7e-05 4.1e-05 7.1e-05 5.2e-05 6e-05 2.5e-05 2.7e-05 3.6e-05 4.5e-05 4.7e-05 7.1e-05 2.9e-05 5.2e-05 3.1e-05 2.9e-05 2.9e-05 
0.018182