0.002342 0.000395 0.000208 0.000212 0.000206 0.0002 0.000209 0.000205 0.000213 0.000217 0.000254 0.000243 0.000227 0.000532 0.000688 0.00042 0.000366 0.000393 0.000698 0.000773 0.000332 0.000315 0.000297 0.000284 0.000396 0.000308 0.000473 0.000722 0.000737 0.000641 0.000413 0.000334 0.000342 0.000185 0.000181 0.000172 0.000215 0.000223 0.000209 0.000187 0.000413 0.000752 0.000473 0.000551 0.000382 0.000351 0.000287 0.000239 0.000194 0.000457 0.000764 0.000675 0.000399 0.000472 0.000378 0.000338 0.000253 0.000315 0.000363 0.000392 0.000342 0.00019 0.000217 0.000186 0.000157 0.000211 0.000221 0.000317 0.000241 0.00024 0.000348 0.000399 0.00024 0.000282 0.000326 0.000304 0.000185 0.000198 0.000181 0.000155 0.000137 0.00014 0.000131 0.00014 0.000136 0.000123 0.000117 9.8e-05 9.6e-05 0.000114 0.000111 0.000105 0.000113 9.8e-05 9.1e-05 9e-05 8.1e-05 0.000123 0.000181 9.6e-05 8.9e-05 7.3e-05 6.7e-05 6.4e-05 3.8e-05 5.6e-05 5e-05 4.8e-05 4.7e-05 3.1e-05 2.6e-05 2.6e-05 
0.032291