0.000315 0.001232 0.000142 0.000283 0.000166 0.000154 0.000127 0.000113 0.00013 0.000211 0.000241 0.000116 9.9e-05 9.3e-05 9.8e-05 0.000155 0.000112 0.000106 0.000108 0.000107 0.000153 9.2e-05 0.000146 7.9e-05 8.9e-05 9e-05 9.3e-05 0.000101 0.00012 6e-05 6.2e-05 5.7e-05 0.000104 0.000117 0.000111 0.000109 5.7e-05 5.5e-05 5.3e-05 5.1e-05 9.3e-05 0.0001 7.3e-05 6.3e-05 6.6e-05 6.6e-05 8.5e-05 4.5e-05 3.8e-05 3.9e-05 3.8e-05 3.8e-05 3.8e-05 6.5e-05 2.9e-05 
0.006783