0.003027 0.000333 0.000275 0.000255 0.000262 0.00027 0.000268 0.000296 0.00034 0.000294 0.000356 0.000373 0.000555 0.000712 0.000427 0.000849 0.000904 0.000585 0.000748 0.000599 0.000464 0.000564 0.000667 0.000685 0.000812 0.000727 0.001328 0.000751 0.000493 0.000361 0.000357 0.000451 0.000562 0.00039 0.000262 0.000236 0.000233 0.000285 0.000308 0.000306 0.00053 0.00024 0.000876 0.000802 0.00032 0.000146 0.000569 0.000359 0.000285 0.000452 0.000422 0.000474 0.000347 0.000306 0.000276 0.00014 0.000126 0.000136 0.000207 0.000373 0.000476 0.000162 0.000361 0.000382 0.000238 0.000297 0.000263 0.000231 0.000203 0.000115 0.000161 0.000224 0.000199 0.000223 0.000218 7.4e-05 7.6e-05 0.00027 0.000239 0.000247 0.000142 7.9e-05 8.2e-05 0.000144 6.6e-05 0.000126 9.9e-05 7.7e-05 0.000115 4.9e-05 8.3e-05 0.00011 6.7e-05 3.1e-05 2.7e-05 2.7e-05 2.4e-05 
0.035363