0.000149 5.6e-05 5.5e-05 4.9e-05 5.2e-05 4.8e-05 4.8e-05 4.7e-05 4e-05 6.3e-05 6e-05 3.3e-05 3e-05 3e-05 2.9e-05 2.8e-05 2.9e-05 3.6e-05 4e-05 3.7e-05 
0.000959