0.00403 0.000608 0.000486 0.000785 0.000431 0.000312 0.000467 0.000569 0.0003 0.000561 0.000333 0.000623 0.000668 0.000575 0.000725 0.000478 0.00052 0.000692 0.000572 0.000657 0.000597 0.000584 0.000607 0.000708 0.000707 0.000664 0.000543 0.000176 0.00069 0.000154 0.000389 0.000531 0.00058 0.000363 0.000152 0.000401 0.000312 0.000581 0.000419 0.000538 0.00057 0.000376 0.000584 0.000257 0.000366 0.000448 0.000565 0.00042 0.000421 0.000382 0.000402 0.000407 0.000328 0.000155 0.000149 0.000197 0.000172 0.000264 0.00032 0.000287 0.000305 0.000144 0.000137 0.000127 0.000182 0.000156 0.000155 0.000157 0.000314 0.00015 0.000153 0.000166 0.000359 0.000307 0.000341 0.00019 0.000362 0.000272 0.000106 0.00019 0.000116 6.4e-05 5.8e-05 5.1e-05 5e-05 4.6e-05 4.6e-05 4.2e-05 3.6e-05 3.6e-05 3.1e-05 2.7e-05 2.6e-05 
0.03606