0.001674 0.000295 0.000282 0.000279 0.00029 0.000296 0.000472 0.000458 0.000356 0.000728 0.00038 0.000391 0.000339 0.000531 0.000841 0.000777 0.000134 0.000132 0.000141 0.00014 0.000272 0.000229 0.000285 0.000283 0.000289 0.000253 0.000223 0.000251 0.000308 0.000235 0.000262 0.000114 0.000116 0.000173 0.000183 0.000203 0.000239 0.000282 0.000401 0.000466 0.00038 0.000321 0.000352 0.000268 0.000319 0.000347 0.000293 0.000177 0.000163 0.000216 0.000174 0.000148 0.000175 0.000154 0.000144 0.00014 0.000141 0.000144 0.000151 8.7e-05 5.7e-05 5.4e-05 5.1e-05 4.9e-05 5.2e-05 5.1e-05 5e-05 4.6e-05 5.7e-05 5.1e-05 4.8e-05 7.8e-05 6.2e-05 3.2e-05 4.4e-05 2.7e-05 2.4e-05 2.9e-05 
0.019159