0.001171 0.000172 0.000159 0.000346 0.00048 0.000683 8.9e-05 8.2e-05 8.7e-05 0.000125 0.000125 0.000323 0.000256 0.00025 0.00027 0.000251 0.000137 0.000227 0.000185 0.000337 0.000115 0.000111 0.000143 7.5e-05 7.4e-05 0.000133 7.8e-05 7.7e-05 7.4e-05 7.7e-05 0.000142 0.000132 0.000123 0.000124 0.00013 0.000132 0.00014 0.000184 7.4e-05 9.5e-05 0.00013 8.6e-05 8.1e-05 7.6e-05 7.4e-05 8.7e-05 7.3e-05 4.8e-05 4.4e-05 4.2e-05 3.2e-05 2.8e-05 3e-05 3.6e-05 2.5e-05 2.3e-05 3.9e-05 3e-05 2.8e-05 3.2e-05 3.8e-05 
0.00907