0.002772 0.000282 0.000195 0.00021 0.000202 0.000226 0.000227 0.000214 0.000214 0.000207 0.000202 0.000692 0.001192 0.000918 0.000567 0.000787 0.000856 0.000355 0.000462 0.000651 0.000924 0.000768 0.000744 0.000978 0.000981 0.00066 0.00116 0.001019 0.000759 0.000494 0.000364 0.000537 0.000694 0.000564 0.000365 0.000269 0.000261 0.000294 0.000315 0.000314 0.000433 0.000358 0.000468 0.000719 0.000423 0.00041 0.000441 0.000392 0.000294 0.0003 0.0003 0.000357 0.000518 0.000381 0.0003 0.000281 0.000229 0.000295 0.000393 0.000308 0.000285 0.000354 0.000468 0.000279 0.000233 0.00028 0.000251 0.0003 0.00027 0.000259 0.000272 0.000261 0.000291 0.000282 0.000275 0.000234 0.000201 0.000185 0.000114 0.000151 0.000132 9e-05 9.2e-05 9.2e-05 9.6e-05 8.4e-05 0.000136 7.1e-05 7.1e-05 2.6e-05 8.1e-05 4.2e-05 4.1e-05 
0.037794