0.000619 0.000144 0.00014 0.00014 0.00016 0.000126 0.000132 0.000168 0.000172 0.000145 0.000137 0.000141 0.000143 0.000134 0.000122 0.000137 0.000124 0.000113 0.000126 0.000204 0.000267 0.000239 0.000306 0.000205 0.000178 0.000224 0.000258 0.00023 0.000226 0.000225 0.000246 0.000178 0.00019 0.000185 0.000195 0.000181 0.000211 0.000274 0.000173 0.000174 0.000256 0.000144 0.000127 8.4e-05 8.4e-05 6.9e-05 3.9e-05 5.1e-05 6.6e-05 5.1e-05 5.1e-05 7.8e-05 3.9e-05 3.5e-05 3.8e-05 3e-05 3.4e-05 2.9e-05 3.2e-05 2.8e-05 3.6e-05 
0.009093