0.000295 0.00011 0.000122 0.000121 0.00051 0.000218 0.000221 0.000239 0.000172 0.000204 0.000214 0.00019 0.000128 0.000127 0.000243 0.000135 9.1e-05 0.000131 0.000144 9.2e-05 5.4e-05 5e-05 5e-05 4.1e-05 3.9e-05 4.3e-05 4.1e-05 3.9e-05 3.5e-05 3.4e-05 3.1e-05 3.1e-05 3.2e-05 2.9e-05 2.8e-05 4.2e-05 
0.004326