0.000596 0.000196 0.000197 0.000129 0.000137 0.000134 0.000111 0.000166 0.000119 0.000111 0.000107 0.000227 0.000103 0.000138 8.6e-05 0.000173 0.000163 0.000143 0.000193 7.5e-05 0.000171 0.000187 0.000139 0.000101 0.000139 0.000116 7.6e-05 6e-05 6.5e-05 6.9e-05 8.3e-05 5.6e-05 6.1e-05 7.3e-05 5.3e-05 
0.004753