0.00439 0.000338 0.000698 0.000667 0.000817 0.000296 0.000598 0.000568 0.00099 0.001362 0.000743 0.000659 0.000799 0.00029 0.000284 0.000471 0.000305 0.000695 0.000492 0.000283 0.000307 0.000626 0.000214 0.000207 0.000213 0.00019 0.000202 0.000243 0.000311 0.000197 0.000182 0.000377 0.000217 0.000254 0.000227 0.000222 0.000167 0.000229 0.000161 0.000207 0.000401 0.000203 0.001009 0.000491 0.000215 0.000206 0.00043 0.000731 0.000226 0.00046 0.000204 0.000296 0.000263 0.000577 0.000479 0.000524 0.000466 0.000215 0.000351 0.000797 0.001127 0.000915 0.000209 0.000426 0.000283 0.00018 0.000194 0.000134 0.000138 0.000215 0.000203 0.000181 0.00014 0.000126 0.000138 0.000119 0.000114 0.00013 0.000118 0.000228 0.000109 0.000109 0.000105 9.9e-05 9.5e-05 8.9e-05 9.1e-05 9.4e-05 8.6e-05 8.5e-05 8.7e-05 8.1e-05 7.5e-05 7.3e-05 7.6e-05 6.7e-05 6.5e-05 6.4e-05 6.6e-05 9.6e-05 8.2e-05 7.6e-05 7.7e-05 5.4e-05 5.1e-05 4.6e-05 4.6e-05 4.4e-05 
0.036748