0.000512 0.000241 0.000191 0.001866 0.000601 0.000358 0.000242 0.000327 0.000405 0.000166 0.000144 0.000147 0.000144 0.000143 0.000139 0.000139 0.000136 0.000135 0.000134 0.00014 0.000137 0.000139 0.000137 0.000136 0.000148 0.000162 0.000146 0.00015 0.000136 0.000145 0.000142 0.000138 0.00013 0.000165 0.000138 0.000161 0.000418 0.000153 0.000234 0.00027 0.000202 0.000189 0.000104 9.1e-05 8.2e-05 8.6e-05 0.000153 0.000152 0.000316 0.000125 0.000155 8.1e-05 7e-05 6.9e-05 0.000128 0.000144 0.000135 0.00014 0.000135 7.1e-05 8.3e-05 8.7e-05 8.9e-05 8.6e-05 8.7e-05 7.2e-05 7.3e-05 4.2e-05 6.9e-05 6.5e-05 6.3e-05 4e-05 3.9e-05 
0.013218