0.000115 4.1e-05 7.3e-05 3.5e-05 3.2e-05 5.2e-05 2.2e-05 2.1e-05 2.8e-05 3.6e-05 5e-05 4.1e-05 2.6e-05 3.7e-05 3.1e-05 3.2e-05 3e-05 3e-05 3.5e-05 3.8e-05 
0.000805