0.000903 0.000297 0.000302 0.000296 0.000452 0.000287 0.000255 0.000241 0.000156 0.000137 0.000144 0.000129 0.00013 0.000152 0.000126 0.000123 0.000121 0.000129 0.000135 0.000278 0.000159 8.3e-05 8e-05 8.2e-05 0.000231 8.6e-05 9e-05 0.000105 8.8e-05 0.000177 0.000268 0.00021 0.000225 0.000209 0.000101 0.000128 0.000186 0.000138 8.8e-05 0.000134 8.6e-05 7e-05 0.000109 7.4e-05 7.6e-05 6.9e-05 6.3e-05 7.5e-05 6.8e-05 8.9e-05 5.5e-05 3e-05 2.9e-05 3.5e-05 
0.008589