0.000164 4.3e-05 4.7e-05 3.8e-05 8.5e-05 5.8e-05 7.8e-05 7.4e-05 7.4e-05 4.9e-05 5e-05 4.7e-05 4.6e-05 4.8e-05 4.8e-05 
0.000949