0.002634 0.000457 0.000494 0.000267 0.000265 0.000474 0.000365 0.000307 0.000286 0.000279 0.000283 0.000274 0.000265 0.000274 0.000284 0.000286 0.000417 0.000364 0.000562 0.000723 0.00073 0.00049 0.000359 0.000328 0.000358 0.000423 0.000447 0.000572 0.000449 0.00035 0.000292 0.000315 0.000281 0.000277 0.000375 0.000608 0.000629 0.000345 0.000537 0.000277 0.000265 0.000346 0.000236 0.000214 0.000214 0.000219 0.000208 0.000245 0.000281 0.000234 0.000252 0.000256 0.000218 0.000272 0.000153 9.2e-05 9.1e-05 8.8e-05 0.00017 7.9e-05 8.9e-05 0.000227 0.000147 0.000142 7.6e-05 0.000138 7e-05 6.9e-05 7.2e-05 7.4e-05 7.1e-05 0.000128 6.4e-05 5.6e-05 5.8e-05 6.3e-05 9.5e-05 5.8e-05 5.2e-05 5.2e-05 7.2e-05 4.4e-05 4.4e-05 8.7e-05 6.7e-05 4.9e-05 3.6e-05 3.5e-05 3e-05 
0.0244