0.000141 0.000139 8e-05 8e-05 4.7e-05 9.6e-05 8.8e-05 4.1e-05 3.8e-05 5.9e-05 4.1e-05 3.8e-05 3.7e-05 4.8e-05 3.8e-05 3.8e-05 3.9e-05 
0.001088